Archive member included to satisfy reference by file (symbol)

c:/st/stm32cubeide_1.5.0/stm32cubeide/plugins/com.st.stm32cube.ide.mcu.externaltools.gnu-tools-for-stm32.7-2018-q2-update.win32_1.5.0.202011040924/tools/bin/../lib/gcc/arm-none-eabi/7.3.1/../../../../arm-none-eabi/lib/thumb/v7e-m/fpv4-sp/hard\libc_nano.a(lib_a-errno.o)
                              Src/syscalls.o (__errno)
c:/st/stm32cubeide_1.5.0/stm32cubeide/plugins/com.st.stm32cube.ide.mcu.externaltools.gnu-tools-for-stm32.7-2018-q2-update.win32_1.5.0.202011040924/tools/bin/../lib/gcc/arm-none-eabi/7.3.1/../../../../arm-none-eabi/lib/thumb/v7e-m/fpv4-sp/hard\libc_nano.a(lib_a-exit.o)
                              c:/st/stm32cubeide_1.5.0/stm32cubeide/plugins/com.st.stm32cube.ide.mcu.externaltools.gnu-tools-for-stm32.7-2018-q2-update.win32_1.5.0.202011040924/tools/bin/../lib/gcc/arm-none-eabi/7.3.1/../../../../arm-none-eabi/lib/thumb/v7e-m/fpv4-sp/hard/crt0.o (exit)
c:/st/stm32cubeide_1.5.0/stm32cubeide/plugins/com.st.stm32cube.ide.mcu.externaltools.gnu-tools-for-stm32.7-2018-q2-update.win32_1.5.0.202011040924/tools/bin/../lib/gcc/arm-none-eabi/7.3.1/../../../../arm-none-eabi/lib/thumb/v7e-m/fpv4-sp/hard\libc_nano.a(lib_a-impure.o)
                              c:/st/stm32cubeide_1.5.0/stm32cubeide/plugins/com.st.stm32cube.ide.mcu.externaltools.gnu-tools-for-stm32.7-2018-q2-update.win32_1.5.0.202011040924/tools/bin/../lib/gcc/arm-none-eabi/7.3.1/../../../../arm-none-eabi/lib/thumb/v7e-m/fpv4-sp/hard\libc_nano.a(lib_a-exit.o) (_global_impure_ptr)
c:/st/stm32cubeide_1.5.0/stm32cubeide/plugins/com.st.stm32cube.ide.mcu.externaltools.gnu-tools-for-stm32.7-2018-q2-update.win32_1.5.0.202011040924/tools/bin/../lib/gcc/arm-none-eabi/7.3.1/../../../../arm-none-eabi/lib/thumb/v7e-m/fpv4-sp/hard\libc_nano.a(lib_a-init.o)
                              c:/st/stm32cubeide_1.5.0/stm32cubeide/plugins/com.st.stm32cube.ide.mcu.externaltools.gnu-tools-for-stm32.7-2018-q2-update.win32_1.5.0.202011040924/tools/bin/../lib/gcc/arm-none-eabi/7.3.1/../../../../arm-none-eabi/lib/thumb/v7e-m/fpv4-sp/hard/crt0.o (__libc_init_array)
c:/st/stm32cubeide_1.5.0/stm32cubeide/plugins/com.st.stm32cube.ide.mcu.externaltools.gnu-tools-for-stm32.7-2018-q2-update.win32_1.5.0.202011040924/tools/bin/../lib/gcc/arm-none-eabi/7.3.1/../../../../arm-none-eabi/lib/thumb/v7e-m/fpv4-sp/hard\libc_nano.a(lib_a-memset.o)
                              c:/st/stm32cubeide_1.5.0/stm32cubeide/plugins/com.st.stm32cube.ide.mcu.externaltools.gnu-tools-for-stm32.7-2018-q2-update.win32_1.5.0.202011040924/tools/bin/../lib/gcc/arm-none-eabi/7.3.1/../../../../arm-none-eabi/lib/thumb/v7e-m/fpv4-sp/hard/crt0.o (memset)

Allocating common symbols
Common symbol       size              file

state_value         0x1               Drivers/Src/State_machine.o

Discarded input sections

 .text          0x0000000000000000        0x0 c:/st/stm32cubeide_1.5.0/stm32cubeide/plugins/com.st.stm32cube.ide.mcu.externaltools.gnu-tools-for-stm32.7-2018-q2-update.win32_1.5.0.202011040924/tools/bin/../lib/gcc/arm-none-eabi/7.3.1/thumb/v7e-m/fpv4-sp/hard/crti.o
 .data          0x0000000000000000        0x0 c:/st/stm32cubeide_1.5.0/stm32cubeide/plugins/com.st.stm32cube.ide.mcu.externaltools.gnu-tools-for-stm32.7-2018-q2-update.win32_1.5.0.202011040924/tools/bin/../lib/gcc/arm-none-eabi/7.3.1/thumb/v7e-m/fpv4-sp/hard/crti.o
 .bss           0x0000000000000000        0x0 c:/st/stm32cubeide_1.5.0/stm32cubeide/plugins/com.st.stm32cube.ide.mcu.externaltools.gnu-tools-for-stm32.7-2018-q2-update.win32_1.5.0.202011040924/tools/bin/../lib/gcc/arm-none-eabi/7.3.1/thumb/v7e-m/fpv4-sp/hard/crti.o
 .data          0x0000000000000000        0x4 c:/st/stm32cubeide_1.5.0/stm32cubeide/plugins/com.st.stm32cube.ide.mcu.externaltools.gnu-tools-for-stm32.7-2018-q2-update.win32_1.5.0.202011040924/tools/bin/../lib/gcc/arm-none-eabi/7.3.1/thumb/v7e-m/fpv4-sp/hard/crtbegin.o
 .text          0x0000000000000000       0x74 c:/st/stm32cubeide_1.5.0/stm32cubeide/plugins/com.st.stm32cube.ide.mcu.externaltools.gnu-tools-for-stm32.7-2018-q2-update.win32_1.5.0.202011040924/tools/bin/../lib/gcc/arm-none-eabi/7.3.1/../../../../arm-none-eabi/lib/thumb/v7e-m/fpv4-sp/hard/crt0.o
 .data          0x0000000000000000        0x0 c:/st/stm32cubeide_1.5.0/stm32cubeide/plugins/com.st.stm32cube.ide.mcu.externaltools.gnu-tools-for-stm32.7-2018-q2-update.win32_1.5.0.202011040924/tools/bin/../lib/gcc/arm-none-eabi/7.3.1/../../../../arm-none-eabi/lib/thumb/v7e-m/fpv4-sp/hard/crt0.o
 .bss           0x0000000000000000        0x0 c:/st/stm32cubeide_1.5.0/stm32cubeide/plugins/com.st.stm32cube.ide.mcu.externaltools.gnu-tools-for-stm32.7-2018-q2-update.win32_1.5.0.202011040924/tools/bin/../lib/gcc/arm-none-eabi/7.3.1/../../../../arm-none-eabi/lib/thumb/v7e-m/fpv4-sp/hard/crt0.o
 .ARM.extab     0x0000000000000000        0x0 c:/st/stm32cubeide_1.5.0/stm32cubeide/plugins/com.st.stm32cube.ide.mcu.externaltools.gnu-tools-for-stm32.7-2018-q2-update.win32_1.5.0.202011040924/tools/bin/../lib/gcc/arm-none-eabi/7.3.1/../../../../arm-none-eabi/lib/thumb/v7e-m/fpv4-sp/hard/crt0.o
 .ARM.exidx     0x0000000000000000        0x8 c:/st/stm32cubeide_1.5.0/stm32cubeide/plugins/com.st.stm32cube.ide.mcu.externaltools.gnu-tools-for-stm32.7-2018-q2-update.win32_1.5.0.202011040924/tools/bin/../lib/gcc/arm-none-eabi/7.3.1/../../../../arm-none-eabi/lib/thumb/v7e-m/fpv4-sp/hard/crt0.o
 .ARM.attributes
                0x0000000000000000       0x20 c:/st/stm32cubeide_1.5.0/stm32cubeide/plugins/com.st.stm32cube.ide.mcu.externaltools.gnu-tools-for-stm32.7-2018-q2-update.win32_1.5.0.202011040924/tools/bin/../lib/gcc/arm-none-eabi/7.3.1/../../../../arm-none-eabi/lib/thumb/v7e-m/fpv4-sp/hard/crt0.o
 .group         0x0000000000000000        0xc Drivers/Src/Fuel.o
 .group         0x0000000000000000        0xc Drivers/Src/Fuel.o
 .group         0x0000000000000000        0xc Drivers/Src/Fuel.o
 .group         0x0000000000000000        0xc Drivers/Src/Fuel.o
 .group         0x0000000000000000        0xc Drivers/Src/Fuel.o
 .group         0x0000000000000000        0xc Drivers/Src/Fuel.o
 .group         0x0000000000000000        0xc Drivers/Src/Fuel.o
 .group         0x0000000000000000        0xc Drivers/Src/Fuel.o
 .group         0x0000000000000000        0xc Drivers/Src/Fuel.o
 .group         0x0000000000000000        0xc Drivers/Src/Fuel.o
 .text          0x0000000000000000        0x0 Drivers/Src/Fuel.o
 .data          0x0000000000000000        0x0 Drivers/Src/Fuel.o
 .bss           0x0000000000000000        0x0 Drivers/Src/Fuel.o
 .group         0x0000000000000000        0xc Drivers/Src/Gas.o
 .group         0x0000000000000000        0xc Drivers/Src/Gas.o
 .group         0x0000000000000000        0xc Drivers/Src/Gas.o
 .group         0x0000000000000000        0xc Drivers/Src/Gas.o
 .group         0x0000000000000000        0xc Drivers/Src/Gas.o
 .group         0x0000000000000000        0xc Drivers/Src/Gas.o
 .group         0x0000000000000000        0xc Drivers/Src/Gas.o
 .group         0x0000000000000000        0xc Drivers/Src/Gas.o
 .group         0x0000000000000000        0xc Drivers/Src/Gas.o
 .group         0x0000000000000000        0xc Drivers/Src/Gas.o
 .text          0x0000000000000000        0x0 Drivers/Src/Gas.o
 .data          0x0000000000000000        0x0 Drivers/Src/Gas.o
 .bss           0x0000000000000000        0x0 Drivers/Src/Gas.o
 .debug_macro   0x0000000000000000      0xa66 Drivers/Src/Gas.o
 .debug_macro   0x0000000000000000       0x22 Drivers/Src/Gas.o
 .debug_macro   0x0000000000000000       0x8e Drivers/Src/Gas.o
 .debug_macro   0x0000000000000000       0x51 Drivers/Src/Gas.o
 .debug_macro   0x0000000000000000       0xef Drivers/Src/Gas.o
 .debug_macro   0x0000000000000000       0x6a Drivers/Src/Gas.o
 .debug_macro   0x0000000000000000      0x1df Drivers/Src/Gas.o
 .debug_macro   0x0000000000000000      0x2c6 Drivers/Src/Gas.o
 .debug_macro   0x0000000000000000       0xb8 Drivers/Src/Gas.o
 .debug_macro   0x0000000000000000       0x28 Drivers/Src/Gas.o
 .group         0x0000000000000000        0xc Drivers/Src/Led_Blinking.o
 .group         0x0000000000000000        0xc Drivers/Src/Led_Blinking.o
 .group         0x0000000000000000        0xc Drivers/Src/Led_Blinking.o
 .group         0x0000000000000000        0xc Drivers/Src/Led_Blinking.o
 .group         0x0000000000000000        0xc Drivers/Src/Led_Blinking.o
 .group         0x0000000000000000        0xc Drivers/Src/Led_Blinking.o
 .group         0x0000000000000000        0xc Drivers/Src/Led_Blinking.o
 .group         0x0000000000000000        0xc Drivers/Src/Led_Blinking.o
 .group         0x0000000000000000        0xc Drivers/Src/Led_Blinking.o
 .group         0x0000000000000000        0xc Drivers/Src/Led_Blinking.o
 .text          0x0000000000000000        0x0 Drivers/Src/Led_Blinking.o
 .data          0x0000000000000000        0x0 Drivers/Src/Led_Blinking.o
 .bss           0x0000000000000000        0x0 Drivers/Src/Led_Blinking.o
 .text.ledStart
                0x0000000000000000       0x6c Drivers/Src/Led_Blinking.o
 .debug_info    0x0000000000000000      0x15a Drivers/Src/Led_Blinking.o
 .debug_abbrev  0x0000000000000000       0xa7 Drivers/Src/Led_Blinking.o
 .debug_aranges
                0x0000000000000000       0x20 Drivers/Src/Led_Blinking.o
 .debug_ranges  0x0000000000000000       0x10 Drivers/Src/Led_Blinking.o
 .debug_macro   0x0000000000000000       0x8a Drivers/Src/Led_Blinking.o
 .debug_macro   0x0000000000000000      0xa66 Drivers/Src/Led_Blinking.o
 .debug_macro   0x0000000000000000       0x22 Drivers/Src/Led_Blinking.o
 .debug_macro   0x0000000000000000       0x8e Drivers/Src/Led_Blinking.o
 .debug_macro   0x0000000000000000       0x51 Drivers/Src/Led_Blinking.o
 .debug_macro   0x0000000000000000       0xef Drivers/Src/Led_Blinking.o
 .debug_macro   0x0000000000000000       0x6a Drivers/Src/Led_Blinking.o
 .debug_macro   0x0000000000000000      0x1df Drivers/Src/Led_Blinking.o
 .debug_macro   0x0000000000000000      0x2c6 Drivers/Src/Led_Blinking.o
 .debug_macro   0x0000000000000000       0xb8 Drivers/Src/Led_Blinking.o
 .debug_macro   0x0000000000000000       0x28 Drivers/Src/Led_Blinking.o
 .debug_line    0x0000000000000000      0x3fd Drivers/Src/Led_Blinking.o
 .debug_str     0x0000000000000000     0x4fa2 Drivers/Src/Led_Blinking.o
 .comment       0x0000000000000000       0x7c Drivers/Src/Led_Blinking.o
 .debug_frame   0x0000000000000000       0x30 Drivers/Src/Led_Blinking.o
 .ARM.attributes
                0x0000000000000000       0x39 Drivers/Src/Led_Blinking.o
 .group         0x0000000000000000        0xc Drivers/Src/Light.o
 .group         0x0000000000000000        0xc Drivers/Src/Light.o
 .group         0x0000000000000000        0xc Drivers/Src/Light.o
 .group         0x0000000000000000        0xc Drivers/Src/Light.o
 .group         0x0000000000000000        0xc Drivers/Src/Light.o
 .group         0x0000000000000000        0xc Drivers/Src/Light.o
 .group         0x0000000000000000        0xc Drivers/Src/Light.o
 .group         0x0000000000000000        0xc Drivers/Src/Light.o
 .group         0x0000000000000000        0xc Drivers/Src/Light.o
 .group         0x0000000000000000        0xc Drivers/Src/Light.o
 .text          0x0000000000000000        0x0 Drivers/Src/Light.o
 .data          0x0000000000000000        0x0 Drivers/Src/Light.o
 .bss           0x0000000000000000        0x0 Drivers/Src/Light.o
 .debug_macro   0x0000000000000000      0xa66 Drivers/Src/Light.o
 .debug_macro   0x0000000000000000       0x22 Drivers/Src/Light.o
 .debug_macro   0x0000000000000000       0x8e Drivers/Src/Light.o
 .debug_macro   0x0000000000000000       0x51 Drivers/Src/Light.o
 .debug_macro   0x0000000000000000       0xef Drivers/Src/Light.o
 .debug_macro   0x0000000000000000       0x6a Drivers/Src/Light.o
 .debug_macro   0x0000000000000000      0x1df Drivers/Src/Light.o
 .debug_macro   0x0000000000000000      0x2c6 Drivers/Src/Light.o
 .debug_macro   0x0000000000000000       0xb8 Drivers/Src/Light.o
 .debug_macro   0x0000000000000000       0x28 Drivers/Src/Light.o
 .group         0x0000000000000000        0xc Drivers/Src/Relay.o
 .group         0x0000000000000000        0xc Drivers/Src/Relay.o
 .group         0x0000000000000000        0xc Drivers/Src/Relay.o
 .group         0x0000000000000000        0xc Drivers/Src/Relay.o
 .group         0x0000000000000000        0xc Drivers/Src/Relay.o
 .group         0x0000000000000000        0xc Drivers/Src/Relay.o
 .group         0x0000000000000000        0xc Drivers/Src/Relay.o
 .group         0x0000000000000000        0xc Drivers/Src/Relay.o
 .group         0x0000000000000000        0xc Drivers/Src/Relay.o
 .group         0x0000000000000000        0xc Drivers/Src/Relay.o
 .text          0x0000000000000000        0x0 Drivers/Src/Relay.o
 .data          0x0000000000000000        0x0 Drivers/Src/Relay.o
 .bss           0x0000000000000000        0x0 Drivers/Src/Relay.o
 .debug_macro   0x0000000000000000      0xa66 Drivers/Src/Relay.o
 .debug_macro   0x0000000000000000       0x22 Drivers/Src/Relay.o
 .debug_macro   0x0000000000000000       0x8e Drivers/Src/Relay.o
 .debug_macro   0x0000000000000000       0x51 Drivers/Src/Relay.o
 .debug_macro   0x0000000000000000       0xef Drivers/Src/Relay.o
 .debug_macro   0x0000000000000000       0x6a Drivers/Src/Relay.o
 .debug_macro   0x0000000000000000      0x1df Drivers/Src/Relay.o
 .debug_macro   0x0000000000000000      0x2c6 Drivers/Src/Relay.o
 .debug_macro   0x0000000000000000       0xb8 Drivers/Src/Relay.o
 .debug_macro   0x0000000000000000       0x28 Drivers/Src/Relay.o
 .group         0x0000000000000000        0xc Drivers/Src/STM32F4xx_GPIO_driver.o
 .group         0x0000000000000000        0xc Drivers/Src/STM32F4xx_GPIO_driver.o
 .group         0x0000000000000000        0xc Drivers/Src/STM32F4xx_GPIO_driver.o
 .group         0x0000000000000000        0xc Drivers/Src/STM32F4xx_GPIO_driver.o
 .group         0x0000000000000000        0xc Drivers/Src/STM32F4xx_GPIO_driver.o
 .group         0x0000000000000000        0xc Drivers/Src/STM32F4xx_GPIO_driver.o
 .group         0x0000000000000000        0xc Drivers/Src/STM32F4xx_GPIO_driver.o
 .group         0x0000000000000000        0xc Drivers/Src/STM32F4xx_GPIO_driver.o
 .group         0x0000000000000000        0xc Drivers/Src/STM32F4xx_GPIO_driver.o
 .text          0x0000000000000000        0x0 Drivers/Src/STM32F4xx_GPIO_driver.o
 .data          0x0000000000000000        0x0 Drivers/Src/STM32F4xx_GPIO_driver.o
 .bss           0x0000000000000000        0x0 Drivers/Src/STM32F4xx_GPIO_driver.o
 .text.GPIO_ReadfromPort
                0x0000000000000000       0x20 Drivers/Src/STM32F4xx_GPIO_driver.o
 .text.GPIO_ReadfromPin
                0x0000000000000000       0x2c Drivers/Src/STM32F4xx_GPIO_driver.o
 .text.GPIO_WritetoPort
                0x0000000000000000       0x1e Drivers/Src/STM32F4xx_GPIO_driver.o
 .text.GPIO_WritetoPin
                0x0000000000000000       0x4a Drivers/Src/STM32F4xx_GPIO_driver.o
 .text.GPIO_Toggle
                0x0000000000000000       0x2a Drivers/Src/STM32F4xx_GPIO_driver.o
 .debug_macro   0x0000000000000000      0xa66 Drivers/Src/STM32F4xx_GPIO_driver.o
 .debug_macro   0x0000000000000000       0x22 Drivers/Src/STM32F4xx_GPIO_driver.o
 .debug_macro   0x0000000000000000       0x8e Drivers/Src/STM32F4xx_GPIO_driver.o
 .debug_macro   0x0000000000000000       0x51 Drivers/Src/STM32F4xx_GPIO_driver.o
 .debug_macro   0x0000000000000000       0xef Drivers/Src/STM32F4xx_GPIO_driver.o
 .debug_macro   0x0000000000000000       0x6a Drivers/Src/STM32F4xx_GPIO_driver.o
 .debug_macro   0x0000000000000000      0x1df Drivers/Src/STM32F4xx_GPIO_driver.o
 .debug_macro   0x0000000000000000      0x2c6 Drivers/Src/STM32F4xx_GPIO_driver.o
 .debug_macro   0x0000000000000000       0xb8 Drivers/Src/STM32F4xx_GPIO_driver.o
 .group         0x0000000000000000        0xc Drivers/Src/State_machine.o
 .group         0x0000000000000000        0xc Drivers/Src/State_machine.o
 .group         0x0000000000000000        0xc Drivers/Src/State_machine.o
 .group         0x0000000000000000        0xc Drivers/Src/State_machine.o
 .group         0x0000000000000000        0xc Drivers/Src/State_machine.o
 .group         0x0000000000000000        0xc Drivers/Src/State_machine.o
 .group         0x0000000000000000        0xc Drivers/Src/State_machine.o
 .group         0x0000000000000000        0xc Drivers/Src/State_machine.o
 .group         0x0000000000000000        0xc Drivers/Src/State_machine.o
 .group         0x0000000000000000        0xc Drivers/Src/State_machine.o
 .text          0x0000000000000000        0x0 Drivers/Src/State_machine.o
 .data          0x0000000000000000        0x0 Drivers/Src/State_machine.o
 .bss           0x0000000000000000        0x0 Drivers/Src/State_machine.o
 .debug_macro   0x0000000000000000      0xa66 Drivers/Src/State_machine.o
 .debug_macro   0x0000000000000000       0x22 Drivers/Src/State_machine.o
 .debug_macro   0x0000000000000000       0x8e Drivers/Src/State_machine.o
 .debug_macro   0x0000000000000000       0x51 Drivers/Src/State_machine.o
 .debug_macro   0x0000000000000000       0xef Drivers/Src/State_machine.o
 .debug_macro   0x0000000000000000       0x6a Drivers/Src/State_machine.o
 .debug_macro   0x0000000000000000      0x1df Drivers/Src/State_machine.o
 .debug_macro   0x0000000000000000      0x2c6 Drivers/Src/State_machine.o
 .debug_macro   0x0000000000000000       0xb8 Drivers/Src/State_machine.o
 .debug_macro   0x0000000000000000       0x28 Drivers/Src/State_machine.o
 .group         0x0000000000000000        0xc Drivers/Src/main.o
 .group         0x0000000000000000        0xc Drivers/Src/main.o
 .group         0x0000000000000000        0xc Drivers/Src/main.o
 .group         0x0000000000000000        0xc Drivers/Src/main.o
 .group         0x0000000000000000        0xc Drivers/Src/main.o
 .group         0x0000000000000000        0xc Drivers/Src/main.o
 .group         0x0000000000000000        0xc Drivers/Src/main.o
 .group         0x0000000000000000        0xc Drivers/Src/main.o
 .group         0x0000000000000000        0xc Drivers/Src/main.o
 .group         0x0000000000000000        0xc Drivers/Src/main.o
 .text          0x0000000000000000        0x0 Drivers/Src/main.o
 .data          0x0000000000000000        0x0 Drivers/Src/main.o
 .bss           0x0000000000000000        0x0 Drivers/Src/main.o
 .debug_macro   0x0000000000000000      0xa66 Drivers/Src/main.o
 .debug_macro   0x0000000000000000       0x22 Drivers/Src/main.o
 .debug_macro   0x0000000000000000       0x8e Drivers/Src/main.o
 .debug_macro   0x0000000000000000       0x51 Drivers/Src/main.o
 .debug_macro   0x0000000000000000       0xef Drivers/Src/main.o
 .debug_macro   0x0000000000000000       0x6a Drivers/Src/main.o
 .debug_macro   0x0000000000000000      0x1df Drivers/Src/main.o
 .debug_macro   0x0000000000000000      0x2c6 Drivers/Src/main.o
 .debug_macro   0x0000000000000000       0xb8 Drivers/Src/main.o
 .debug_macro   0x0000000000000000       0x28 Drivers/Src/main.o
 .group         0x0000000000000000        0xc Drivers/Src/myAPI.o
 .group         0x0000000000000000        0xc Drivers/Src/myAPI.o
 .group         0x0000000000000000        0xc Drivers/Src/myAPI.o
 .group         0x0000000000000000        0xc Drivers/Src/myAPI.o
 .group         0x0000000000000000        0xc Drivers/Src/myAPI.o
 .group         0x0000000000000000        0xc Drivers/Src/myAPI.o
 .group         0x0000000000000000        0xc Drivers/Src/myAPI.o
 .group         0x0000000000000000        0xc Drivers/Src/myAPI.o
 .group         0x0000000000000000        0xc Drivers/Src/myAPI.o
 .group         0x0000000000000000        0xc Drivers/Src/myAPI.o
 .text          0x0000000000000000        0x0 Drivers/Src/myAPI.o
 .data          0x0000000000000000        0x0 Drivers/Src/myAPI.o
 .bss           0x0000000000000000        0x0 Drivers/Src/myAPI.o
 .text.PinModePuPd
                0x0000000000000000       0x90 Drivers/Src/myAPI.o
 .text.digitalWritePort
                0x0000000000000000       0x1e Drivers/Src/myAPI.o
 .text.digitalReadPort
                0x0000000000000000       0x20 Drivers/Src/myAPI.o
 .debug_macro   0x0000000000000000      0xa66 Drivers/Src/myAPI.o
 .debug_macro   0x0000000000000000       0x22 Drivers/Src/myAPI.o
 .debug_macro   0x0000000000000000       0x8e Drivers/Src/myAPI.o
 .debug_macro   0x0000000000000000       0x51 Drivers/Src/myAPI.o
 .debug_macro   0x0000000000000000       0xef Drivers/Src/myAPI.o
 .debug_macro   0x0000000000000000       0x6a Drivers/Src/myAPI.o
 .debug_macro   0x0000000000000000      0x1df Drivers/Src/myAPI.o
 .debug_macro   0x0000000000000000      0x2c6 Drivers/Src/myAPI.o
 .debug_macro   0x0000000000000000       0xb8 Drivers/Src/myAPI.o
 .debug_macro   0x0000000000000000       0x28 Drivers/Src/myAPI.o
 .group         0x0000000000000000        0xc Src/syscalls.o
 .group         0x0000000000000000        0xc Src/syscalls.o
 .group         0x0000000000000000        0xc Src/syscalls.o
 .group         0x0000000000000000        0xc Src/syscalls.o
 .group         0x0000000000000000        0xc Src/syscalls.o
 .group         0x0000000000000000        0xc Src/syscalls.o
 .group         0x0000000000000000        0xc Src/syscalls.o
 .group         0x0000000000000000        0xc Src/syscalls.o
 .group         0x0000000000000000        0xc Src/syscalls.o
 .group         0x0000000000000000        0xc Src/syscalls.o
 .group         0x0000000000000000        0xc Src/syscalls.o
 .group         0x0000000000000000        0xc Src/syscalls.o
 .group         0x0000000000000000        0xc Src/syscalls.o
 .group         0x0000000000000000        0xc Src/syscalls.o
 .group         0x0000000000000000        0xc Src/syscalls.o
 .group         0x0000000000000000        0xc Src/syscalls.o
 .group         0x0000000000000000        0xc Src/syscalls.o
 .group         0x0000000000000000        0xc Src/syscalls.o
 .group         0x0000000000000000        0xc Src/syscalls.o
 .group         0x0000000000000000        0xc Src/syscalls.o
 .group         0x0000000000000000        0xc Src/syscalls.o
 .group         0x0000000000000000        0xc Src/syscalls.o
 .group         0x0000000000000000        0xc Src/syscalls.o
 .group         0x0000000000000000        0xc Src/syscalls.o
 .group         0x0000000000000000        0xc Src/syscalls.o
 .group         0x0000000000000000        0xc Src/syscalls.o
 .group         0x0000000000000000        0xc Src/syscalls.o
 .group         0x0000000000000000        0xc Src/syscalls.o
 .group         0x0000000000000000        0xc Src/syscalls.o
 .group         0x0000000000000000        0xc Src/syscalls.o
 .group         0x0000000000000000        0xc Src/syscalls.o
 .group         0x0000000000000000        0xc Src/syscalls.o
 .group         0x0000000000000000        0xc Src/syscalls.o
 .group         0x0000000000000000        0xc Src/syscalls.o
 .group         0x0000000000000000        0xc Src/syscalls.o
 .group         0x0000000000000000        0xc Src/syscalls.o
 .group         0x0000000000000000        0xc Src/syscalls.o
 .group         0x0000000000000000        0xc Src/syscalls.o
 .group         0x0000000000000000        0xc Src/syscalls.o
 .group         0x0000000000000000        0xc Src/syscalls.o
 .group         0x0000000000000000        0xc Src/syscalls.o
 .group         0x0000000000000000        0xc Src/syscalls.o
 .group         0x0000000000000000        0xc Src/syscalls.o
 .group         0x0000000000000000        0xc Src/syscalls.o
 .text          0x0000000000000000        0x0 Src/syscalls.o
 .data          0x0000000000000000        0x0 Src/syscalls.o
 .bss           0x0000000000000000        0x0 Src/syscalls.o
 .bss.__env     0x0000000000000000        0x4 Src/syscalls.o
 .data.environ  0x0000000000000000        0x4 Src/syscalls.o
 .text.initialise_monitor_handles
                0x0000000000000000        0xe Src/syscalls.o
 .text._getpid  0x0000000000000000       0x10 Src/syscalls.o
 .text._kill    0x0000000000000000       0x20 Src/syscalls.o
 .text._exit    0x0000000000000000       0x14 Src/syscalls.o
 .text._read    0x0000000000000000       0x3a Src/syscalls.o
 .text._write   0x0000000000000000       0x38 Src/syscalls.o
 .text._close   0x0000000000000000       0x18 Src/syscalls.o
 .text._fstat   0x0000000000000000       0x20 Src/syscalls.o
 .text._isatty  0x0000000000000000       0x16 Src/syscalls.o
 .text._lseek   0x0000000000000000       0x1a Src/syscalls.o
 .text._open    0x0000000000000000       0x1c Src/syscalls.o
 .text._wait    0x0000000000000000       0x1e Src/syscalls.o
 .text._unlink  0x0000000000000000       0x1e Src/syscalls.o
 .text._times   0x0000000000000000       0x18 Src/syscalls.o
 .text._stat    0x0000000000000000       0x20 Src/syscalls.o
 .text._link    0x0000000000000000       0x20 Src/syscalls.o
 .text._fork    0x0000000000000000       0x16 Src/syscalls.o
 .text._execve  0x0000000000000000       0x22 Src/syscalls.o
 .debug_info    0x0000000000000000      0xebd Src/syscalls.o
 .debug_abbrev  0x0000000000000000      0x261 Src/syscalls.o
 .debug_aranges
                0x0000000000000000       0xa8 Src/syscalls.o
 .debug_ranges  0x0000000000000000       0x98 Src/syscalls.o
 .debug_macro   0x0000000000000000      0x243 Src/syscalls.o
 .debug_macro   0x0000000000000000      0xa66 Src/syscalls.o
 .debug_macro   0x0000000000000000       0x22 Src/syscalls.o
 .debug_macro   0x0000000000000000       0x40 Src/syscalls.o
 .debug_macro   0x0000000000000000       0x18 Src/syscalls.o
 .debug_macro   0x0000000000000000       0x94 Src/syscalls.o
 .debug_macro   0x0000000000000000       0x3c Src/syscalls.o
 .debug_macro   0x0000000000000000       0x34 Src/syscalls.o
 .debug_macro   0x0000000000000000       0x57 Src/syscalls.o
 .debug_macro   0x0000000000000000      0x174 Src/syscalls.o
 .debug_macro   0x0000000000000000      0x330 Src/syscalls.o
 .debug_macro   0x0000000000000000       0x52 Src/syscalls.o
 .debug_macro   0x0000000000000000       0x1f Src/syscalls.o
 .debug_macro   0x0000000000000000       0x43 Src/syscalls.o
 .debug_macro   0x0000000000000000       0x20 Src/syscalls.o
 .debug_macro   0x0000000000000000      0x1a3 Src/syscalls.o
 .debug_macro   0x0000000000000000       0x10 Src/syscalls.o
 .debug_macro   0x0000000000000000       0x35 Src/syscalls.o
 .debug_macro   0x0000000000000000       0x10 Src/syscalls.o
 .debug_macro   0x0000000000000000       0x10 Src/syscalls.o
 .debug_macro   0x0000000000000000       0x10 Src/syscalls.o
 .debug_macro   0x0000000000000000       0x6a Src/syscalls.o
 .debug_macro   0x0000000000000000       0x1c Src/syscalls.o
 .debug_macro   0x0000000000000000       0x52 Src/syscalls.o
 .debug_macro   0x0000000000000000       0x40 Src/syscalls.o
 .debug_macro   0x0000000000000000       0x10 Src/syscalls.o
 .debug_macro   0x0000000000000000       0x40 Src/syscalls.o
 .debug_macro   0x0000000000000000       0xd7 Src/syscalls.o
 .debug_macro   0x0000000000000000       0x1c Src/syscalls.o
 .debug_macro   0x0000000000000000       0x3d Src/syscalls.o
 .debug_macro   0x0000000000000000       0x35 Src/syscalls.o
 .debug_macro   0x0000000000000000      0x122 Src/syscalls.o
 .debug_macro   0x0000000000000000       0x16 Src/syscalls.o
 .debug_macro   0x0000000000000000       0x16 Src/syscalls.o
 .debug_macro   0x0000000000000000       0x29 Src/syscalls.o
 .debug_macro   0x0000000000000000       0x10 Src/syscalls.o
 .debug_macro   0x0000000000000000      0x241 Src/syscalls.o
 .debug_macro   0x0000000000000000       0x1c Src/syscalls.o
 .debug_macro   0x0000000000000000       0x10 Src/syscalls.o
 .debug_macro   0x0000000000000000       0x10 Src/syscalls.o
 .debug_macro   0x0000000000000000       0x16 Src/syscalls.o
 .debug_macro   0x0000000000000000      0x145 Src/syscalls.o
 .debug_macro   0x0000000000000000      0x189 Src/syscalls.o
 .debug_macro   0x0000000000000000       0x16 Src/syscalls.o
 .debug_macro   0x0000000000000000       0x88 Src/syscalls.o
 .debug_line    0x0000000000000000      0x739 Src/syscalls.o
 .debug_str     0x0000000000000000     0x8892 Src/syscalls.o
 .comment       0x0000000000000000       0x7c Src/syscalls.o
 .debug_frame   0x0000000000000000      0x2ac Src/syscalls.o
 .ARM.attributes
                0x0000000000000000       0x39 Src/syscalls.o
 .group         0x0000000000000000        0xc Src/sysmem.o
 .group         0x0000000000000000        0xc Src/sysmem.o
 .group         0x0000000000000000        0xc Src/sysmem.o
 .group         0x0000000000000000        0xc Src/sysmem.o
 .group         0x0000000000000000        0xc Src/sysmem.o
 .group         0x0000000000000000        0xc Src/sysmem.o
 .group         0x0000000000000000        0xc Src/sysmem.o
 .group         0x0000000000000000        0xc Src/sysmem.o
 .group         0x0000000000000000        0xc Src/sysmem.o
 .group         0x0000000000000000        0xc Src/sysmem.o
 .group         0x0000000000000000        0xc Src/sysmem.o
 .group         0x0000000000000000        0xc Src/sysmem.o
 .group         0x0000000000000000        0xc Src/sysmem.o
 .group         0x0000000000000000        0xc Src/sysmem.o
 .group         0x0000000000000000        0xc Src/sysmem.o
 .group         0x0000000000000000        0xc Src/sysmem.o
 .group         0x0000000000000000        0xc Src/sysmem.o
 .group         0x0000000000000000        0xc Src/sysmem.o
 .group         0x0000000000000000        0xc Src/sysmem.o
 .text          0x0000000000000000        0x0 Src/sysmem.o
 .data          0x0000000000000000        0x0 Src/sysmem.o
 .bss           0x0000000000000000        0x0 Src/sysmem.o
 .bss.__sbrk_heap_end
                0x0000000000000000        0x4 Src/sysmem.o
 .text._sbrk    0x0000000000000000       0x6c Src/sysmem.o
 .debug_info    0x0000000000000000      0x985 Src/sysmem.o
 .debug_abbrev  0x0000000000000000      0x19b Src/sysmem.o
 .debug_aranges
                0x0000000000000000       0x20 Src/sysmem.o
 .debug_ranges  0x0000000000000000       0x10 Src/sysmem.o
 .debug_macro   0x0000000000000000       0xee Src/sysmem.o
 .debug_macro   0x0000000000000000      0xa66 Src/sysmem.o
 .debug_macro   0x0000000000000000       0x10 Src/sysmem.o
 .debug_macro   0x0000000000000000       0x22 Src/sysmem.o
 .debug_macro   0x0000000000000000       0x40 Src/sysmem.o
 .debug_macro   0x0000000000000000       0x18 Src/sysmem.o
 .debug_macro   0x0000000000000000       0x94 Src/sysmem.o
 .debug_macro   0x0000000000000000       0x3c Src/sysmem.o
 .debug_macro   0x0000000000000000       0x34 Src/sysmem.o
 .debug_macro   0x0000000000000000      0x174 Src/sysmem.o
 .debug_macro   0x0000000000000000       0x57 Src/sysmem.o
 .debug_macro   0x0000000000000000       0x52 Src/sysmem.o
 .debug_macro   0x0000000000000000       0x1f Src/sysmem.o
 .debug_macro   0x0000000000000000       0x43 Src/sysmem.o
 .debug_macro   0x0000000000000000       0x20 Src/sysmem.o
 .debug_macro   0x0000000000000000      0x1a3 Src/sysmem.o
 .debug_macro   0x0000000000000000      0x23b Src/sysmem.o
 .debug_macro   0x0000000000000000       0xef Src/sysmem.o
 .debug_macro   0x0000000000000000       0x6a Src/sysmem.o
 .debug_macro   0x0000000000000000      0x1df Src/sysmem.o
 .debug_line    0x0000000000000000      0x4c2 Src/sysmem.o
 .debug_str     0x0000000000000000     0x5f60 Src/sysmem.o
 .comment       0x0000000000000000       0x7c Src/sysmem.o
 .debug_frame   0x0000000000000000       0x34 Src/sysmem.o
 .ARM.attributes
                0x0000000000000000       0x39 Src/sysmem.o
 .text          0x0000000000000000       0x14 Startup/startup_stm32f407vgtx.o
 .data          0x0000000000000000        0x0 Startup/startup_stm32f407vgtx.o
 .bss           0x0000000000000000        0x0 Startup/startup_stm32f407vgtx.o
 .text          0x0000000000000000        0x0 c:/st/stm32cubeide_1.5.0/stm32cubeide/plugins/com.st.stm32cube.ide.mcu.externaltools.gnu-tools-for-stm32.7-2018-q2-update.win32_1.5.0.202011040924/tools/bin/../lib/gcc/arm-none-eabi/7.3.1/../../../../arm-none-eabi/lib/thumb/v7e-m/fpv4-sp/hard\libc_nano.a(lib_a-errno.o)
 .data          0x0000000000000000        0x0 c:/st/stm32cubeide_1.5.0/stm32cubeide/plugins/com.st.stm32cube.ide.mcu.externaltools.gnu-tools-for-stm32.7-2018-q2-update.win32_1.5.0.202011040924/tools/bin/../lib/gcc/arm-none-eabi/7.3.1/../../../../arm-none-eabi/lib/thumb/v7e-m/fpv4-sp/hard\libc_nano.a(lib_a-errno.o)
 .bss           0x0000000000000000        0x0 c:/st/stm32cubeide_1.5.0/stm32cubeide/plugins/com.st.stm32cube.ide.mcu.externaltools.gnu-tools-for-stm32.7-2018-q2-update.win32_1.5.0.202011040924/tools/bin/../lib/gcc/arm-none-eabi/7.3.1/../../../../arm-none-eabi/lib/thumb/v7e-m/fpv4-sp/hard\libc_nano.a(lib_a-errno.o)
 .text.__errno  0x0000000000000000        0xc c:/st/stm32cubeide_1.5.0/stm32cubeide/plugins/com.st.stm32cube.ide.mcu.externaltools.gnu-tools-for-stm32.7-2018-q2-update.win32_1.5.0.202011040924/tools/bin/../lib/gcc/arm-none-eabi/7.3.1/../../../../arm-none-eabi/lib/thumb/v7e-m/fpv4-sp/hard\libc_nano.a(lib_a-errno.o)
 .debug_frame   0x0000000000000000       0x20 c:/st/stm32cubeide_1.5.0/stm32cubeide/plugins/com.st.stm32cube.ide.mcu.externaltools.gnu-tools-for-stm32.7-2018-q2-update.win32_1.5.0.202011040924/tools/bin/../lib/gcc/arm-none-eabi/7.3.1/../../../../arm-none-eabi/lib/thumb/v7e-m/fpv4-sp/hard\libc_nano.a(lib_a-errno.o)
 .ARM.attributes
                0x0000000000000000       0x34 c:/st/stm32cubeide_1.5.0/stm32cubeide/plugins/com.st.stm32cube.ide.mcu.externaltools.gnu-tools-for-stm32.7-2018-q2-update.win32_1.5.0.202011040924/tools/bin/../lib/gcc/arm-none-eabi/7.3.1/../../../../arm-none-eabi/lib/thumb/v7e-m/fpv4-sp/hard\libc_nano.a(lib_a-errno.o)
 .text          0x0000000000000000        0x0 c:/st/stm32cubeide_1.5.0/stm32cubeide/plugins/com.st.stm32cube.ide.mcu.externaltools.gnu-tools-for-stm32.7-2018-q2-update.win32_1.5.0.202011040924/tools/bin/../lib/gcc/arm-none-eabi/7.3.1/../../../../arm-none-eabi/lib/thumb/v7e-m/fpv4-sp/hard\libc_nano.a(lib_a-exit.o)
 .data          0x0000000000000000        0x0 c:/st/stm32cubeide_1.5.0/stm32cubeide/plugins/com.st.stm32cube.ide.mcu.externaltools.gnu-tools-for-stm32.7-2018-q2-update.win32_1.5.0.202011040924/tools/bin/../lib/gcc/arm-none-eabi/7.3.1/../../../../arm-none-eabi/lib/thumb/v7e-m/fpv4-sp/hard\libc_nano.a(lib_a-exit.o)
 .bss           0x0000000000000000        0x0 c:/st/stm32cubeide_1.5.0/stm32cubeide/plugins/com.st.stm32cube.ide.mcu.externaltools.gnu-tools-for-stm32.7-2018-q2-update.win32_1.5.0.202011040924/tools/bin/../lib/gcc/arm-none-eabi/7.3.1/../../../../arm-none-eabi/lib/thumb/v7e-m/fpv4-sp/hard\libc_nano.a(lib_a-exit.o)
 .text.exit     0x0000000000000000       0x28 c:/st/stm32cubeide_1.5.0/stm32cubeide/plugins/com.st.stm32cube.ide.mcu.externaltools.gnu-tools-for-stm32.7-2018-q2-update.win32_1.5.0.202011040924/tools/bin/../lib/gcc/arm-none-eabi/7.3.1/../../../../arm-none-eabi/lib/thumb/v7e-m/fpv4-sp/hard\libc_nano.a(lib_a-exit.o)
 .debug_frame   0x0000000000000000       0x28 c:/st/stm32cubeide_1.5.0/stm32cubeide/plugins/com.st.stm32cube.ide.mcu.externaltools.gnu-tools-for-stm32.7-2018-q2-update.win32_1.5.0.202011040924/tools/bin/../lib/gcc/arm-none-eabi/7.3.1/../../../../arm-none-eabi/lib/thumb/v7e-m/fpv4-sp/hard\libc_nano.a(lib_a-exit.o)
 .ARM.attributes
                0x0000000000000000       0x34 c:/st/stm32cubeide_1.5.0/stm32cubeide/plugins/com.st.stm32cube.ide.mcu.externaltools.gnu-tools-for-stm32.7-2018-q2-update.win32_1.5.0.202011040924/tools/bin/../lib/gcc/arm-none-eabi/7.3.1/../../../../arm-none-eabi/lib/thumb/v7e-m/fpv4-sp/hard\libc_nano.a(lib_a-exit.o)
 .text          0x0000000000000000        0x0 c:/st/stm32cubeide_1.5.0/stm32cubeide/plugins/com.st.stm32cube.ide.mcu.externaltools.gnu-tools-for-stm32.7-2018-q2-update.win32_1.5.0.202011040924/tools/bin/../lib/gcc/arm-none-eabi/7.3.1/../../../../arm-none-eabi/lib/thumb/v7e-m/fpv4-sp/hard\libc_nano.a(lib_a-impure.o)
 .data          0x0000000000000000        0x0 c:/st/stm32cubeide_1.5.0/stm32cubeide/plugins/com.st.stm32cube.ide.mcu.externaltools.gnu-tools-for-stm32.7-2018-q2-update.win32_1.5.0.202011040924/tools/bin/../lib/gcc/arm-none-eabi/7.3.1/../../../../arm-none-eabi/lib/thumb/v7e-m/fpv4-sp/hard\libc_nano.a(lib_a-impure.o)
 .bss           0x0000000000000000        0x0 c:/st/stm32cubeide_1.5.0/stm32cubeide/plugins/com.st.stm32cube.ide.mcu.externaltools.gnu-tools-for-stm32.7-2018-q2-update.win32_1.5.0.202011040924/tools/bin/../lib/gcc/arm-none-eabi/7.3.1/../../../../arm-none-eabi/lib/thumb/v7e-m/fpv4-sp/hard\libc_nano.a(lib_a-impure.o)
 .data._impure_ptr
                0x0000000000000000        0x4 c:/st/stm32cubeide_1.5.0/stm32cubeide/plugins/com.st.stm32cube.ide.mcu.externaltools.gnu-tools-for-stm32.7-2018-q2-update.win32_1.5.0.202011040924/tools/bin/../lib/gcc/arm-none-eabi/7.3.1/../../../../arm-none-eabi/lib/thumb/v7e-m/fpv4-sp/hard\libc_nano.a(lib_a-impure.o)
 .data.impure_data
                0x0000000000000000       0x60 c:/st/stm32cubeide_1.5.0/stm32cubeide/plugins/com.st.stm32cube.ide.mcu.externaltools.gnu-tools-for-stm32.7-2018-q2-update.win32_1.5.0.202011040924/tools/bin/../lib/gcc/arm-none-eabi/7.3.1/../../../../arm-none-eabi/lib/thumb/v7e-m/fpv4-sp/hard\libc_nano.a(lib_a-impure.o)
 .rodata._global_impure_ptr
                0x0000000000000000        0x4 c:/st/stm32cubeide_1.5.0/stm32cubeide/plugins/com.st.stm32cube.ide.mcu.externaltools.gnu-tools-for-stm32.7-2018-q2-update.win32_1.5.0.202011040924/tools/bin/../lib/gcc/arm-none-eabi/7.3.1/../../../../arm-none-eabi/lib/thumb/v7e-m/fpv4-sp/hard\libc_nano.a(lib_a-impure.o)
 .ARM.attributes
                0x0000000000000000       0x34 c:/st/stm32cubeide_1.5.0/stm32cubeide/plugins/com.st.stm32cube.ide.mcu.externaltools.gnu-tools-for-stm32.7-2018-q2-update.win32_1.5.0.202011040924/tools/bin/../lib/gcc/arm-none-eabi/7.3.1/../../../../arm-none-eabi/lib/thumb/v7e-m/fpv4-sp/hard\libc_nano.a(lib_a-impure.o)
 .text          0x0000000000000000        0x0 c:/st/stm32cubeide_1.5.0/stm32cubeide/plugins/com.st.stm32cube.ide.mcu.externaltools.gnu-tools-for-stm32.7-2018-q2-update.win32_1.5.0.202011040924/tools/bin/../lib/gcc/arm-none-eabi/7.3.1/../../../../arm-none-eabi/lib/thumb/v7e-m/fpv4-sp/hard\libc_nano.a(lib_a-init.o)
 .data          0x0000000000000000        0x0 c:/st/stm32cubeide_1.5.0/stm32cubeide/plugins/com.st.stm32cube.ide.mcu.externaltools.gnu-tools-for-stm32.7-2018-q2-update.win32_1.5.0.202011040924/tools/bin/../lib/gcc/arm-none-eabi/7.3.1/../../../../arm-none-eabi/lib/thumb/v7e-m/fpv4-sp/hard\libc_nano.a(lib_a-init.o)
 .bss           0x0000000000000000        0x0 c:/st/stm32cubeide_1.5.0/stm32cubeide/plugins/com.st.stm32cube.ide.mcu.externaltools.gnu-tools-for-stm32.7-2018-q2-update.win32_1.5.0.202011040924/tools/bin/../lib/gcc/arm-none-eabi/7.3.1/../../../../arm-none-eabi/lib/thumb/v7e-m/fpv4-sp/hard\libc_nano.a(lib_a-init.o)
 .text          0x0000000000000000        0x0 c:/st/stm32cubeide_1.5.0/stm32cubeide/plugins/com.st.stm32cube.ide.mcu.externaltools.gnu-tools-for-stm32.7-2018-q2-update.win32_1.5.0.202011040924/tools/bin/../lib/gcc/arm-none-eabi/7.3.1/../../../../arm-none-eabi/lib/thumb/v7e-m/fpv4-sp/hard\libc_nano.a(lib_a-memset.o)
 .data          0x0000000000000000        0x0 c:/st/stm32cubeide_1.5.0/stm32cubeide/plugins/com.st.stm32cube.ide.mcu.externaltools.gnu-tools-for-stm32.7-2018-q2-update.win32_1.5.0.202011040924/tools/bin/../lib/gcc/arm-none-eabi/7.3.1/../../../../arm-none-eabi/lib/thumb/v7e-m/fpv4-sp/hard\libc_nano.a(lib_a-memset.o)
 .bss           0x0000000000000000        0x0 c:/st/stm32cubeide_1.5.0/stm32cubeide/plugins/com.st.stm32cube.ide.mcu.externaltools.gnu-tools-for-stm32.7-2018-q2-update.win32_1.5.0.202011040924/tools/bin/../lib/gcc/arm-none-eabi/7.3.1/../../../../arm-none-eabi/lib/thumb/v7e-m/fpv4-sp/hard\libc_nano.a(lib_a-memset.o)
 .text.memset   0x0000000000000000       0x10 c:/st/stm32cubeide_1.5.0/stm32cubeide/plugins/com.st.stm32cube.ide.mcu.externaltools.gnu-tools-for-stm32.7-2018-q2-update.win32_1.5.0.202011040924/tools/bin/../lib/gcc/arm-none-eabi/7.3.1/../../../../arm-none-eabi/lib/thumb/v7e-m/fpv4-sp/hard\libc_nano.a(lib_a-memset.o)
 .debug_frame   0x0000000000000000       0x20 c:/st/stm32cubeide_1.5.0/stm32cubeide/plugins/com.st.stm32cube.ide.mcu.externaltools.gnu-tools-for-stm32.7-2018-q2-update.win32_1.5.0.202011040924/tools/bin/../lib/gcc/arm-none-eabi/7.3.1/../../../../arm-none-eabi/lib/thumb/v7e-m/fpv4-sp/hard\libc_nano.a(lib_a-memset.o)
 .ARM.attributes
                0x0000000000000000       0x34 c:/st/stm32cubeide_1.5.0/stm32cubeide/plugins/com.st.stm32cube.ide.mcu.externaltools.gnu-tools-for-stm32.7-2018-q2-update.win32_1.5.0.202011040924/tools/bin/../lib/gcc/arm-none-eabi/7.3.1/../../../../arm-none-eabi/lib/thumb/v7e-m/fpv4-sp/hard\libc_nano.a(lib_a-memset.o)
 .text          0x0000000000000000        0x0 c:/st/stm32cubeide_1.5.0/stm32cubeide/plugins/com.st.stm32cube.ide.mcu.externaltools.gnu-tools-for-stm32.7-2018-q2-update.win32_1.5.0.202011040924/tools/bin/../lib/gcc/arm-none-eabi/7.3.1/thumb/v7e-m/fpv4-sp/hard/crtend.o
 .data          0x0000000000000000        0x0 c:/st/stm32cubeide_1.5.0/stm32cubeide/plugins/com.st.stm32cube.ide.mcu.externaltools.gnu-tools-for-stm32.7-2018-q2-update.win32_1.5.0.202011040924/tools/bin/../lib/gcc/arm-none-eabi/7.3.1/thumb/v7e-m/fpv4-sp/hard/crtend.o
 .bss           0x0000000000000000        0x0 c:/st/stm32cubeide_1.5.0/stm32cubeide/plugins/com.st.stm32cube.ide.mcu.externaltools.gnu-tools-for-stm32.7-2018-q2-update.win32_1.5.0.202011040924/tools/bin/../lib/gcc/arm-none-eabi/7.3.1/thumb/v7e-m/fpv4-sp/hard/crtend.o
 .eh_frame      0x0000000000000000        0x4 c:/st/stm32cubeide_1.5.0/stm32cubeide/plugins/com.st.stm32cube.ide.mcu.externaltools.gnu-tools-for-stm32.7-2018-q2-update.win32_1.5.0.202011040924/tools/bin/../lib/gcc/arm-none-eabi/7.3.1/thumb/v7e-m/fpv4-sp/hard/crtend.o
 .ARM.attributes
                0x0000000000000000       0x34 c:/st/stm32cubeide_1.5.0/stm32cubeide/plugins/com.st.stm32cube.ide.mcu.externaltools.gnu-tools-for-stm32.7-2018-q2-update.win32_1.5.0.202011040924/tools/bin/../lib/gcc/arm-none-eabi/7.3.1/thumb/v7e-m/fpv4-sp/hard/crtend.o
 .text          0x0000000000000000        0x0 c:/st/stm32cubeide_1.5.0/stm32cubeide/plugins/com.st.stm32cube.ide.mcu.externaltools.gnu-tools-for-stm32.7-2018-q2-update.win32_1.5.0.202011040924/tools/bin/../lib/gcc/arm-none-eabi/7.3.1/thumb/v7e-m/fpv4-sp/hard/crtn.o
 .data          0x0000000000000000        0x0 c:/st/stm32cubeide_1.5.0/stm32cubeide/plugins/com.st.stm32cube.ide.mcu.externaltools.gnu-tools-for-stm32.7-2018-q2-update.win32_1.5.0.202011040924/tools/bin/../lib/gcc/arm-none-eabi/7.3.1/thumb/v7e-m/fpv4-sp/hard/crtn.o
 .bss           0x0000000000000000        0x0 c:/st/stm32cubeide_1.5.0/stm32cubeide/plugins/com.st.stm32cube.ide.mcu.externaltools.gnu-tools-for-stm32.7-2018-q2-update.win32_1.5.0.202011040924/tools/bin/../lib/gcc/arm-none-eabi/7.3.1/thumb/v7e-m/fpv4-sp/hard/crtn.o

Memory Configuration

Name             Origin             Length             Attributes
RAM              0x0000000020000000 0x0000000000020000 xrw
FLASH            0x0000000008000000 0x0000000000100000 xr
*default*        0x0000000000000000 0xffffffffffffffff

Linker script and memory map

LOAD c:/st/stm32cubeide_1.5.0/stm32cubeide/plugins/com.st.stm32cube.ide.mcu.externaltools.gnu-tools-for-stm32.7-2018-q2-update.win32_1.5.0.202011040924/tools/bin/../lib/gcc/arm-none-eabi/7.3.1/thumb/v7e-m/fpv4-sp/hard/crti.o
LOAD c:/st/stm32cubeide_1.5.0/stm32cubeide/plugins/com.st.stm32cube.ide.mcu.externaltools.gnu-tools-for-stm32.7-2018-q2-update.win32_1.5.0.202011040924/tools/bin/../lib/gcc/arm-none-eabi/7.3.1/thumb/v7e-m/fpv4-sp/hard/crtbegin.o
LOAD c:/st/stm32cubeide_1.5.0/stm32cubeide/plugins/com.st.stm32cube.ide.mcu.externaltools.gnu-tools-for-stm32.7-2018-q2-update.win32_1.5.0.202011040924/tools/bin/../lib/gcc/arm-none-eabi/7.3.1/../../../../arm-none-eabi/lib/thumb/v7e-m/fpv4-sp/hard/crt0.o
LOAD Drivers/Src/Fuel.o
LOAD Drivers/Src/Gas.o
LOAD Drivers/Src/Led_Blinking.o
LOAD Drivers/Src/Light.o
LOAD Drivers/Src/Relay.o
LOAD Drivers/Src/STM32F4xx_GPIO_driver.o
LOAD Drivers/Src/State_machine.o
LOAD Drivers/Src/main.o
LOAD Drivers/Src/myAPI.o
LOAD Src/syscalls.o
LOAD Src/sysmem.o
LOAD Startup/startup_stm32f407vgtx.o
START GROUP
LOAD c:/st/stm32cubeide_1.5.0/stm32cubeide/plugins/com.st.stm32cube.ide.mcu.externaltools.gnu-tools-for-stm32.7-2018-q2-update.win32_1.5.0.202011040924/tools/bin/../lib/gcc/arm-none-eabi/7.3.1/../../../../arm-none-eabi/lib/thumb/v7e-m/fpv4-sp/hard\libc_nano.a
LOAD c:/st/stm32cubeide_1.5.0/stm32cubeide/plugins/com.st.stm32cube.ide.mcu.externaltools.gnu-tools-for-stm32.7-2018-q2-update.win32_1.5.0.202011040924/tools/bin/../lib/gcc/arm-none-eabi/7.3.1/../../../../arm-none-eabi/lib/thumb/v7e-m/fpv4-sp/hard\libm.a
END GROUP
START GROUP
LOAD c:/st/stm32cubeide_1.5.0/stm32cubeide/plugins/com.st.stm32cube.ide.mcu.externaltools.gnu-tools-for-stm32.7-2018-q2-update.win32_1.5.0.202011040924/tools/bin/../lib/gcc/arm-none-eabi/7.3.1/thumb/v7e-m/fpv4-sp/hard\libgcc.a
LOAD c:/st/stm32cubeide_1.5.0/stm32cubeide/plugins/com.st.stm32cube.ide.mcu.externaltools.gnu-tools-for-stm32.7-2018-q2-update.win32_1.5.0.202011040924/tools/bin/../lib/gcc/arm-none-eabi/7.3.1/../../../../arm-none-eabi/lib/thumb/v7e-m/fpv4-sp/hard\libc_nano.a
END GROUP
START GROUP
LOAD c:/st/stm32cubeide_1.5.0/stm32cubeide/plugins/com.st.stm32cube.ide.mcu.externaltools.gnu-tools-for-stm32.7-2018-q2-update.win32_1.5.0.202011040924/tools/bin/../lib/gcc/arm-none-eabi/7.3.1/thumb/v7e-m/fpv4-sp/hard\libgcc.a
LOAD c:/st/stm32cubeide_1.5.0/stm32cubeide/plugins/com.st.stm32cube.ide.mcu.externaltools.gnu-tools-for-stm32.7-2018-q2-update.win32_1.5.0.202011040924/tools/bin/../lib/gcc/arm-none-eabi/7.3.1/../../../../arm-none-eabi/lib/thumb/v7e-m/fpv4-sp/hard\libc_nano.a
LOAD c:/st/stm32cubeide_1.5.0/stm32cubeide/plugins/com.st.stm32cube.ide.mcu.externaltools.gnu-tools-for-stm32.7-2018-q2-update.win32_1.5.0.202011040924/tools/bin/../lib/gcc/arm-none-eabi/7.3.1/../../../../arm-none-eabi/lib/thumb/v7e-m/fpv4-sp/hard\libnosys.a
END GROUP
START GROUP
LOAD c:/st/stm32cubeide_1.5.0/stm32cubeide/plugins/com.st.stm32cube.ide.mcu.externaltools.gnu-tools-for-stm32.7-2018-q2-update.win32_1.5.0.202011040924/tools/bin/../lib/gcc/arm-none-eabi/7.3.1/thumb/v7e-m/fpv4-sp/hard\libgcc.a
LOAD c:/st/stm32cubeide_1.5.0/stm32cubeide/plugins/com.st.stm32cube.ide.mcu.externaltools.gnu-tools-for-stm32.7-2018-q2-update.win32_1.5.0.202011040924/tools/bin/../lib/gcc/arm-none-eabi/7.3.1/../../../../arm-none-eabi/lib/thumb/v7e-m/fpv4-sp/hard\libc_nano.a
LOAD c:/st/stm32cubeide_1.5.0/stm32cubeide/plugins/com.st.stm32cube.ide.mcu.externaltools.gnu-tools-for-stm32.7-2018-q2-update.win32_1.5.0.202011040924/tools/bin/../lib/gcc/arm-none-eabi/7.3.1/../../../../arm-none-eabi/lib/thumb/v7e-m/fpv4-sp/hard\libnosys.a
END GROUP
LOAD c:/st/stm32cubeide_1.5.0/stm32cubeide/plugins/com.st.stm32cube.ide.mcu.externaltools.gnu-tools-for-stm32.7-2018-q2-update.win32_1.5.0.202011040924/tools/bin/../lib/gcc/arm-none-eabi/7.3.1/thumb/v7e-m/fpv4-sp/hard/crtend.o
LOAD c:/st/stm32cubeide_1.5.0/stm32cubeide/plugins/com.st.stm32cube.ide.mcu.externaltools.gnu-tools-for-stm32.7-2018-q2-update.win32_1.5.0.202011040924/tools/bin/../lib/gcc/arm-none-eabi/7.3.1/thumb/v7e-m/fpv4-sp/hard/crtn.o
                0x0000000020020000                _estack = (ORIGIN (RAM) + LENGTH (RAM))
                0x0000000000000200                _Min_Heap_Size = 0x200
                0x0000000000000400                _Min_Stack_Size = 0x400

.isr_vector     0x0000000008000000      0x1a8
                0x0000000008000000                . = ALIGN (0x4)
 *(.isr_vector)
 .isr_vector    0x0000000008000000      0x1a8 Startup/startup_stm32f407vgtx.o
                0x0000000008000000                g_pfnVectors
                0x00000000080001a8                . = ALIGN (0x4)

.text           0x00000000080001a8      0x7fc
                0x00000000080001a8                . = ALIGN (0x4)
 *(.text)
 .text          0x00000000080001a8       0x40 c:/st/stm32cubeide_1.5.0/stm32cubeide/plugins/com.st.stm32cube.ide.mcu.externaltools.gnu-tools-for-stm32.7-2018-q2-update.win32_1.5.0.202011040924/tools/bin/../lib/gcc/arm-none-eabi/7.3.1/thumb/v7e-m/fpv4-sp/hard/crtbegin.o
 *(.text*)
 .text.Fuel_Init
                0x00000000080001e8       0x2c Drivers/Src/Fuel.o
                0x00000000080001e8                Fuel_Init
 .text.Fuel_status
                0x0000000008000214       0x58 Drivers/Src/Fuel.o
                0x0000000008000214                Fuel_status
 .text.Gas_Init
                0x000000000800026c       0x20 Drivers/Src/Gas.o
                0x000000000800026c                Gas_Init
 .text.Gas_detect
                0x000000000800028c       0x4c Drivers/Src/Gas.o
                0x000000000800028c                Gas_detect
 .text.LDR_Init
                0x00000000080002d8       0x40 Drivers/Src/Light.o
                0x00000000080002d8                LDR_Init
 .text.LDR_status
                0x0000000008000318       0x78 Drivers/Src/Light.o
                0x0000000008000318                LDR_status
 .text.Motor_Init
                0x0000000008000390       0x20 Drivers/Src/Relay.o
                0x0000000008000390                Motor_Init
 .text.Motor_function
                0x00000000080003b0       0x5c Drivers/Src/Relay.o
                0x00000000080003b0                Motor_function
 .text.GPIO_PeripheralCLK
                0x000000000800040c       0xd0 Drivers/Src/STM32F4xx_GPIO_driver.o
                0x000000000800040c                GPIO_PeripheralCLK
 .text.GPIO_Init
                0x00000000080004dc      0x15a Drivers/Src/STM32F4xx_GPIO_driver.o
                0x00000000080004dc                GPIO_Init
 *fill*         0x0000000008000636        0x2 
 .text.State_init
                0x0000000008000638       0x18 Drivers/Src/State_machine.o
                0x0000000008000638                State_init
 .text.State_trans
                0x0000000008000650       0x30 Drivers/Src/State_machine.o
                0x0000000008000650                State_trans
 .text.state_01
                0x0000000008000680       0x68 Drivers/Src/State_machine.o
                0x0000000008000680                state_01
 .text.state_02
                0x00000000080006e8       0x48 Drivers/Src/State_machine.o
                0x00000000080006e8                state_02
 .text.state_03
                0x0000000008000730       0x50 Drivers/Src/State_machine.o
                0x0000000008000730                state_03
 .text.main     0x0000000008000780       0x54 Drivers/Src/main.o
                0x0000000008000780                main
 .text.delay    0x00000000080007d4       0x2c Drivers/Src/myAPI.o
                0x00000000080007d4                delay
 .text.pinMode  0x0000000008000800       0x72 Drivers/Src/myAPI.o
                0x0000000008000800                pinMode
 .text.digitalWritePin
                0x0000000008000872       0x4e Drivers/Src/myAPI.o
                0x0000000008000872                digitalWritePin
 .text.digitalReadPin
                0x00000000080008c0       0x2e Drivers/Src/myAPI.o
                0x00000000080008c0                digitalReadPin
 *fill*         0x00000000080008ee        0x2 
 .text.Reset_Handler
                0x00000000080008f0       0x50 Startup/startup_stm32f407vgtx.o
                0x00000000080008f0                Reset_Handler
 .text.Default_Handler
                0x0000000008000940        0x2 Startup/startup_stm32f407vgtx.o
                0x0000000008000940                RTC_Alarm_IRQHandler
                0x0000000008000940                HASH_RNG_IRQHandler
                0x0000000008000940                EXTI2_IRQHandler
                0x0000000008000940                TIM8_CC_IRQHandler
                0x0000000008000940                DebugMon_Handler
                0x0000000008000940                TIM1_CC_IRQHandler
                0x0000000008000940                DMA2_Stream5_IRQHandler
                0x0000000008000940                HardFault_Handler
                0x0000000008000940                DMA1_Stream5_IRQHandler
                0x0000000008000940                SysTick_Handler
                0x0000000008000940                PVD_IRQHandler
                0x0000000008000940                SDIO_IRQHandler
                0x0000000008000940                TAMP_STAMP_IRQHandler
                0x0000000008000940                PendSV_Handler
                0x0000000008000940                NMI_Handler
                0x0000000008000940                CAN2_RX1_IRQHandler
                0x0000000008000940                EXTI3_IRQHandler
                0x0000000008000940                TIM8_TRG_COM_TIM14_IRQHandler
                0x0000000008000940                TIM1_UP_TIM10_IRQHandler
                0x0000000008000940                TIM8_UP_TIM13_IRQHandler
                0x0000000008000940                I2C3_ER_IRQHandler
                0x0000000008000940                LCD_TFT_IRQHandler
                0x0000000008000940                EXTI0_IRQHandler
                0x0000000008000940                I2C2_EV_IRQHandler
                0x0000000008000940                DMA1_Stream2_IRQHandler
                0x0000000008000940                CAN1_RX0_IRQHandler
                0x0000000008000940                FPU_IRQHandler
                0x0000000008000940                OTG_HS_WKUP_IRQHandler
                0x0000000008000940                UsageFault_Handler
                0x0000000008000940                CAN2_SCE_IRQHandler
                0x0000000008000940                DMA2_Stream2_IRQHandler
                0x0000000008000940                SPI1_IRQHandler
                0x0000000008000940                TIM6_DAC_IRQHandler
                0x0000000008000940                TIM1_BRK_TIM9_IRQHandler
                0x0000000008000940                DCMI_IRQHandler
                0x0000000008000940                CAN2_RX0_IRQHandler
                0x0000000008000940                DMA2_Stream3_IRQHandler
                0x0000000008000940                USART6_IRQHandler
                0x0000000008000940                USART3_IRQHandler
                0x0000000008000940                CRYP_IRQHandler
                0x0000000008000940                CAN1_RX1_IRQHandler
                0x0000000008000940                UART5_IRQHandler
                0x0000000008000940                DMA2_Stream0_IRQHandler
                0x0000000008000940                TIM4_IRQHandler
                0x0000000008000940                I2C1_EV_IRQHandler
                0x0000000008000940                DMA1_Stream6_IRQHandler
                0x0000000008000940                DMA1_Stream1_IRQHandler
                0x0000000008000940                UART4_IRQHandler
                0x0000000008000940                LCD_TFT_1_IRQHandler
                0x0000000008000940                TIM3_IRQHandler
                0x0000000008000940                RCC_IRQHandler
                0x0000000008000940                TIM8_BRK_TIM12_IRQHandler
                0x0000000008000940                Default_Handler
                0x0000000008000940                EXTI15_10_IRQHandler
                0x0000000008000940                ADC_IRQHandler
                0x0000000008000940                DMA1_Stream7_IRQHandler
                0x0000000008000940                TIM7_IRQHandler
                0x0000000008000940                CAN2_TX_IRQHandler
                0x0000000008000940                TIM5_IRQHandler
                0x0000000008000940                DMA2_Stream7_IRQHandler
                0x0000000008000940                I2C3_EV_IRQHandler
                0x0000000008000940                EXTI9_5_IRQHandler
                0x0000000008000940                RTC_WKUP_IRQHandler
                0x0000000008000940                ETH_WKUP_IRQHandler
                0x0000000008000940                SPI2_IRQHandler
                0x0000000008000940                OTG_HS_EP1_IN_IRQHandler
                0x0000000008000940                MemManage_Handler
                0x0000000008000940                DMA1_Stream0_IRQHandler
                0x0000000008000940                CAN1_TX_IRQHandler
                0x0000000008000940                SVC_Handler
                0x0000000008000940                EXTI4_IRQHandler
                0x0000000008000940                FSMC_IRQHandler
                0x0000000008000940                ETH_IRQHandler
                0x0000000008000940                OTG_HS_EP1_OUT_IRQHandler
                0x0000000008000940                WWDG_IRQHandler
                0x0000000008000940                TIM2_IRQHandler
                0x0000000008000940                OTG_FS_WKUP_IRQHandler
                0x0000000008000940                TIM1_TRG_COM_TIM11_IRQHandler
                0x0000000008000940                OTG_HS_IRQHandler
                0x0000000008000940                EXTI1_IRQHandler
                0x0000000008000940                USART2_IRQHandler
                0x0000000008000940                I2C2_ER_IRQHandler
                0x0000000008000940                DMA2_Stream1_IRQHandler
                0x0000000008000940                CAN1_SCE_IRQHandler
                0x0000000008000940                DMA2_Stream4_IRQHandler
                0x0000000008000940                BusFault_Handler
                0x0000000008000940                USART1_IRQHandler
                0x0000000008000940                OTG_FS_IRQHandler
                0x0000000008000940                SPI3_IRQHandler
                0x0000000008000940                DMA1_Stream4_IRQHandler
                0x0000000008000940                I2C1_ER_IRQHandler
                0x0000000008000940                DMA2_Stream6_IRQHandler
                0x0000000008000940                DMA1_Stream3_IRQHandler
 *fill*         0x0000000008000942        0x2 
 .text.__libc_init_array
                0x0000000008000944       0x48 c:/st/stm32cubeide_1.5.0/stm32cubeide/plugins/com.st.stm32cube.ide.mcu.externaltools.gnu-tools-for-stm32.7-2018-q2-update.win32_1.5.0.202011040924/tools/bin/../lib/gcc/arm-none-eabi/7.3.1/../../../../arm-none-eabi/lib/thumb/v7e-m/fpv4-sp/hard\libc_nano.a(lib_a-init.o)
                0x0000000008000944                __libc_init_array
 *(.glue_7)
 .glue_7        0x000000000800098c        0x0 linker stubs
 *(.glue_7t)
 .glue_7t       0x000000000800098c        0x0 linker stubs
 *(.eh_frame)
 .eh_frame      0x000000000800098c        0x0 c:/st/stm32cubeide_1.5.0/stm32cubeide/plugins/com.st.stm32cube.ide.mcu.externaltools.gnu-tools-for-stm32.7-2018-q2-update.win32_1.5.0.202011040924/tools/bin/../lib/gcc/arm-none-eabi/7.3.1/thumb/v7e-m/fpv4-sp/hard/crtbegin.o
 *(.init)
 .init          0x000000000800098c        0x4 c:/st/stm32cubeide_1.5.0/stm32cubeide/plugins/com.st.stm32cube.ide.mcu.externaltools.gnu-tools-for-stm32.7-2018-q2-update.win32_1.5.0.202011040924/tools/bin/../lib/gcc/arm-none-eabi/7.3.1/thumb/v7e-m/fpv4-sp/hard/crti.o
                0x000000000800098c                _init
 .init          0x0000000008000990        0x8 c:/st/stm32cubeide_1.5.0/stm32cubeide/plugins/com.st.stm32cube.ide.mcu.externaltools.gnu-tools-for-stm32.7-2018-q2-update.win32_1.5.0.202011040924/tools/bin/../lib/gcc/arm-none-eabi/7.3.1/thumb/v7e-m/fpv4-sp/hard/crtn.o
 *(.fini)
 .fini          0x0000000008000998        0x4 c:/st/stm32cubeide_1.5.0/stm32cubeide/plugins/com.st.stm32cube.ide.mcu.externaltools.gnu-tools-for-stm32.7-2018-q2-update.win32_1.5.0.202011040924/tools/bin/../lib/gcc/arm-none-eabi/7.3.1/thumb/v7e-m/fpv4-sp/hard/crti.o
                0x0000000008000998                _fini
 .fini          0x000000000800099c        0x8 c:/st/stm32cubeide_1.5.0/stm32cubeide/plugins/com.st.stm32cube.ide.mcu.externaltools.gnu-tools-for-stm32.7-2018-q2-update.win32_1.5.0.202011040924/tools/bin/../lib/gcc/arm-none-eabi/7.3.1/thumb/v7e-m/fpv4-sp/hard/crtn.o
                0x00000000080009a4                . = ALIGN (0x4)
                0x00000000080009a4                _etext = .

.vfp11_veneer   0x00000000080009a4        0x0
 .vfp11_veneer  0x00000000080009a4        0x0 linker stubs

.v4_bx          0x00000000080009a4        0x0
 .v4_bx         0x00000000080009a4        0x0 linker stubs

.iplt           0x00000000080009a4        0x0
 .iplt          0x00000000080009a4        0x0 c:/st/stm32cubeide_1.5.0/stm32cubeide/plugins/com.st.stm32cube.ide.mcu.externaltools.gnu-tools-for-stm32.7-2018-q2-update.win32_1.5.0.202011040924/tools/bin/../lib/gcc/arm-none-eabi/7.3.1/thumb/v7e-m/fpv4-sp/hard/crtbegin.o

.rel.dyn        0x00000000080009a4        0x0
 .rel.iplt      0x00000000080009a4        0x0 c:/st/stm32cubeide_1.5.0/stm32cubeide/plugins/com.st.stm32cube.ide.mcu.externaltools.gnu-tools-for-stm32.7-2018-q2-update.win32_1.5.0.202011040924/tools/bin/../lib/gcc/arm-none-eabi/7.3.1/thumb/v7e-m/fpv4-sp/hard/crtbegin.o

.rodata         0x00000000080009a4        0x0
                0x00000000080009a4                . = ALIGN (0x4)
 *(.rodata)
 *(.rodata*)
                0x00000000080009a4                . = ALIGN (0x4)

.ARM.extab      0x00000000080009a4        0x0
                0x00000000080009a4                . = ALIGN (0x4)
 *(.ARM.extab* .gnu.linkonce.armextab.*)
                0x00000000080009a4                . = ALIGN (0x4)

.ARM            0x00000000080009a4        0x0
                0x00000000080009a4                . = ALIGN (0x4)
                0x00000000080009a4                __exidx_start = .
 *(.ARM.exidx*)
                0x00000000080009a4                __exidx_end = .
                0x00000000080009a4                . = ALIGN (0x4)

.preinit_array  0x00000000080009a4        0x0
                0x00000000080009a4                . = ALIGN (0x4)
                0x00000000080009a4                PROVIDE (__preinit_array_start = .)
 *(.preinit_array*)
                0x00000000080009a4                PROVIDE (__preinit_array_end = .)
                0x00000000080009a4                . = ALIGN (0x4)

.init_array     0x00000000080009a4        0x4
                0x00000000080009a4                . = ALIGN (0x4)
                0x00000000080009a4                PROVIDE (__init_array_start = .)
 *(SORT_BY_NAME(.init_array.*))
 *(.init_array*)
 .init_array    0x00000000080009a4        0x4 c:/st/stm32cubeide_1.5.0/stm32cubeide/plugins/com.st.stm32cube.ide.mcu.externaltools.gnu-tools-for-stm32.7-2018-q2-update.win32_1.5.0.202011040924/tools/bin/../lib/gcc/arm-none-eabi/7.3.1/thumb/v7e-m/fpv4-sp/hard/crtbegin.o
                0x00000000080009a8                PROVIDE (__init_array_end = .)
                0x00000000080009a8                . = ALIGN (0x4)

.fini_array     0x00000000080009a8        0x4
                0x00000000080009a8                . = ALIGN (0x4)
                [!provide]                        PROVIDE (__fini_array_start = .)
 *(SORT_BY_NAME(.fini_array.*))
 *(.fini_array*)
 .fini_array    0x00000000080009a8        0x4 c:/st/stm32cubeide_1.5.0/stm32cubeide/plugins/com.st.stm32cube.ide.mcu.externaltools.gnu-tools-for-stm32.7-2018-q2-update.win32_1.5.0.202011040924/tools/bin/../lib/gcc/arm-none-eabi/7.3.1/thumb/v7e-m/fpv4-sp/hard/crtbegin.o
                [!provide]                        PROVIDE (__fini_array_end = .)
                0x00000000080009ac                . = ALIGN (0x4)
                0x00000000080009ac                _sidata = LOADADDR (.data)

.data           0x0000000020000000        0x0 load address 0x00000000080009ac
                0x0000000020000000                . = ALIGN (0x4)
                0x0000000020000000                _sdata = .
 *(.data)
 *(.data*)
 *(.RamFunc)
 *(.RamFunc*)
                0x0000000020000000                . = ALIGN (0x4)
                0x0000000020000000                _edata = .

.igot.plt       0x0000000020000000        0x0 load address 0x00000000080009ac
 .igot.plt      0x0000000020000000        0x0 c:/st/stm32cubeide_1.5.0/stm32cubeide/plugins/com.st.stm32cube.ide.mcu.externaltools.gnu-tools-for-stm32.7-2018-q2-update.win32_1.5.0.202011040924/tools/bin/../lib/gcc/arm-none-eabi/7.3.1/thumb/v7e-m/fpv4-sp/hard/crtbegin.o
                0x0000000020000000                . = ALIGN (0x4)

.bss            0x0000000020000000       0x20 load address 0x00000000080009ac
                0x0000000020000000                _sbss = .
                0x0000000020000000                __bss_start__ = _sbss
 *(.bss)
 .bss           0x0000000020000000       0x1c c:/st/stm32cubeide_1.5.0/stm32cubeide/plugins/com.st.stm32cube.ide.mcu.externaltools.gnu-tools-for-stm32.7-2018-q2-update.win32_1.5.0.202011040924/tools/bin/../lib/gcc/arm-none-eabi/7.3.1/thumb/v7e-m/fpv4-sp/hard/crtbegin.o
 *(.bss*)
 *(COMMON)
 COMMON         0x000000002000001c        0x1 Drivers/Src/State_machine.o
                0x000000002000001c                state_value
                0x0000000020000020                . = ALIGN (0x4)
 *fill*         0x000000002000001d        0x3 
                0x0000000020000020                _ebss = .
                0x0000000020000020                __bss_end__ = _ebss

._user_heap_stack
                0x0000000020000020      0x600 load address 0x00000000080009ac
                0x0000000020000020                . = ALIGN (0x8)
                [!provide]                        PROVIDE (end = .)
                0x0000000020000020                PROVIDE (_end = .)
                0x0000000020000220                . = (. + _Min_Heap_Size)
 *fill*         0x0000000020000020      0x200 
                0x0000000020000620                . = (. + _Min_Stack_Size)
 *fill*         0x0000000020000220      0x400 
                0x0000000020000620                . = ALIGN (0x8)

/DISCARD/
 libc.a(*)
 libm.a(*)
 libgcc.a(*)

.ARM.attributes
                0x0000000000000000       0x30
 *(.ARM.attributes)
 .ARM.attributes
                0x0000000000000000       0x22 c:/st/stm32cubeide_1.5.0/stm32cubeide/plugins/com.st.stm32cube.ide.mcu.externaltools.gnu-tools-for-stm32.7-2018-q2-update.win32_1.5.0.202011040924/tools/bin/../lib/gcc/arm-none-eabi/7.3.1/thumb/v7e-m/fpv4-sp/hard/crti.o
 .ARM.attributes
                0x0000000000000022       0x34 c:/st/stm32cubeide_1.5.0/stm32cubeide/plugins/com.st.stm32cube.ide.mcu.externaltools.gnu-tools-for-stm32.7-2018-q2-update.win32_1.5.0.202011040924/tools/bin/../lib/gcc/arm-none-eabi/7.3.1/thumb/v7e-m/fpv4-sp/hard/crtbegin.o
 .ARM.attributes
                0x0000000000000056       0x39 Drivers/Src/Fuel.o
 .ARM.attributes
                0x000000000000008f       0x39 Drivers/Src/Gas.o
 .ARM.attributes
                0x00000000000000c8       0x39 Drivers/Src/Light.o
 .ARM.attributes
                0x0000000000000101       0x39 Drivers/Src/Relay.o
 .ARM.attributes
                0x000000000000013a       0x39 Drivers/Src/STM32F4xx_GPIO_driver.o
 .ARM.attributes
                0x0000000000000173       0x39 Drivers/Src/State_machine.o
 .ARM.attributes
                0x00000000000001ac       0x39 Drivers/Src/main.o
 .ARM.attributes
                0x00000000000001e5       0x39 Drivers/Src/myAPI.o
 .ARM.attributes
                0x000000000000021e       0x21 Startup/startup_stm32f407vgtx.o
 .ARM.attributes
                0x000000000000023f       0x34 c:/st/stm32cubeide_1.5.0/stm32cubeide/plugins/com.st.stm32cube.ide.mcu.externaltools.gnu-tools-for-stm32.7-2018-q2-update.win32_1.5.0.202011040924/tools/bin/../lib/gcc/arm-none-eabi/7.3.1/../../../../arm-none-eabi/lib/thumb/v7e-m/fpv4-sp/hard\libc_nano.a(lib_a-init.o)
 .ARM.attributes
                0x0000000000000273       0x22 c:/st/stm32cubeide_1.5.0/stm32cubeide/plugins/com.st.stm32cube.ide.mcu.externaltools.gnu-tools-for-stm32.7-2018-q2-update.win32_1.5.0.202011040924/tools/bin/../lib/gcc/arm-none-eabi/7.3.1/thumb/v7e-m/fpv4-sp/hard/crtn.o
OUTPUT(Driver_development.elf elf32-littlearm)

.debug_info     0x0000000000000000     0x11c3
 .debug_info    0x0000000000000000      0x16b Drivers/Src/Fuel.o
 .debug_info    0x000000000000016b      0x16b Drivers/Src/Gas.o
 .debug_info    0x00000000000002d6      0x16b Drivers/Src/Light.o
 .debug_info    0x0000000000000441      0x16b Drivers/Src/Relay.o
 .debug_info    0x00000000000005ac      0x548 Drivers/Src/STM32F4xx_GPIO_driver.o
 .debug_info    0x0000000000000af4      0x1a1 Drivers/Src/State_machine.o
 .debug_info    0x0000000000000c95      0x170 Drivers/Src/main.o
 .debug_info    0x0000000000000e05      0x39c Drivers/Src/myAPI.o
 .debug_info    0x00000000000011a1       0x22 Startup/startup_stm32f407vgtx.o

.debug_abbrev   0x0000000000000000      0x689
 .debug_abbrev  0x0000000000000000       0xbf Drivers/Src/Fuel.o
 .debug_abbrev  0x00000000000000bf       0xbf Drivers/Src/Gas.o
 .debug_abbrev  0x000000000000017e       0xbf Drivers/Src/Light.o
 .debug_abbrev  0x000000000000023d       0xbf Drivers/Src/Relay.o
 .debug_abbrev  0x00000000000002fc       0xf3 Drivers/Src/STM32F4xx_GPIO_driver.o
 .debug_abbrev  0x00000000000003ef       0xa7 Drivers/Src/State_machine.o
 .debug_abbrev  0x0000000000000496       0xb6 Drivers/Src/main.o
 .debug_abbrev  0x000000000000054c      0x12b Drivers/Src/myAPI.o
 .debug_abbrev  0x0000000000000677       0x12 Startup/startup_stm32f407vgtx.o

.debug_aranges  0x0000000000000000      0x1c8
 .debug_aranges
                0x0000000000000000       0x28 Drivers/Src/Fuel.o
 .debug_aranges
                0x0000000000000028       0x28 Drivers/Src/Gas.o
 .debug_aranges
                0x0000000000000050       0x28 Drivers/Src/Light.o
 .debug_aranges
                0x0000000000000078       0x28 Drivers/Src/Relay.o
 .debug_aranges
                0x00000000000000a0       0x50 Drivers/Src/STM32F4xx_GPIO_driver.o
 .debug_aranges
                0x00000000000000f0       0x40 Drivers/Src/State_machine.o
 .debug_aranges
                0x0000000000000130       0x20 Drivers/Src/main.o
 .debug_aranges
                0x0000000000000150       0x50 Drivers/Src/myAPI.o
 .debug_aranges
                0x00000000000001a0       0x28 Startup/startup_stm32f407vgtx.o

.debug_ranges   0x0000000000000000      0x140
 .debug_ranges  0x0000000000000000       0x18 Drivers/Src/Fuel.o
 .debug_ranges  0x0000000000000018       0x18 Drivers/Src/Gas.o
 .debug_ranges  0x0000000000000030       0x18 Drivers/Src/Light.o
 .debug_ranges  0x0000000000000048       0x18 Drivers/Src/Relay.o
 .debug_ranges  0x0000000000000060       0x40 Drivers/Src/STM32F4xx_GPIO_driver.o
 .debug_ranges  0x00000000000000a0       0x30 Drivers/Src/State_machine.o
 .debug_ranges  0x00000000000000d0       0x10 Drivers/Src/main.o
 .debug_ranges  0x00000000000000e0       0x40 Drivers/Src/myAPI.o
 .debug_ranges  0x0000000000000120       0x20 Startup/startup_stm32f407vgtx.o

.debug_macro    0x0000000000000000     0x16ea
 .debug_macro   0x0000000000000000       0x94 Drivers/Src/Fuel.o
 .debug_macro   0x0000000000000094      0xa66 Drivers/Src/Fuel.o
 .debug_macro   0x0000000000000afa       0x22 Drivers/Src/Fuel.o
 .debug_macro   0x0000000000000b1c       0x8e Drivers/Src/Fuel.o
 .debug_macro   0x0000000000000baa       0x51 Drivers/Src/Fuel.o
 .debug_macro   0x0000000000000bfb       0xef Drivers/Src/Fuel.o
 .debug_macro   0x0000000000000cea       0x6a Drivers/Src/Fuel.o
 .debug_macro   0x0000000000000d54      0x1df Drivers/Src/Fuel.o
 .debug_macro   0x0000000000000f33      0x2c6 Drivers/Src/Fuel.o
 .debug_macro   0x00000000000011f9       0xb8 Drivers/Src/Fuel.o
 .debug_macro   0x00000000000012b1       0x28 Drivers/Src/Fuel.o
 .debug_macro   0x00000000000012d9       0x94 Drivers/Src/Gas.o
 .debug_macro   0x000000000000136d       0x94 Drivers/Src/Light.o
 .debug_macro   0x0000000000001401       0x94 Drivers/Src/Relay.o
 .debug_macro   0x0000000000001495       0x7b Drivers/Src/STM32F4xx_GPIO_driver.o
 .debug_macro   0x0000000000001510       0x94 Drivers/Src/State_machine.o
 .debug_macro   0x00000000000015a4       0xbc Drivers/Src/main.o
 .debug_macro   0x0000000000001660       0x8a Drivers/Src/myAPI.o

.debug_line     0x0000000000000000     0x22c8
 .debug_line    0x0000000000000000      0x416 Drivers/Src/Fuel.o
 .debug_line    0x0000000000000416      0x40c Drivers/Src/Gas.o
 .debug_line    0x0000000000000822      0x427 Drivers/Src/Light.o
 .debug_line    0x0000000000000c49      0x412 Drivers/Src/Relay.o
 .debug_line    0x000000000000105b      0x49c Drivers/Src/STM32F4xx_GPIO_driver.o
 .debug_line    0x00000000000014f7      0x460 Drivers/Src/State_machine.o
 .debug_line    0x0000000000001957      0x44b Drivers/Src/main.o
 .debug_line    0x0000000000001da2      0x4a2 Drivers/Src/myAPI.o
 .debug_line    0x0000000000002244       0x84 Startup/startup_stm32f407vgtx.o

.debug_str      0x0000000000000000     0x533a
 .debug_str     0x0000000000000000     0x4e3b Drivers/Src/Fuel.o
                                       0x4fbe (size before relaxing)
 .debug_str     0x0000000000004e3b       0x35 Drivers/Src/Gas.o
                                       0x4fb4 (size before relaxing)
 .debug_str     0x0000000000004e70       0x51 Drivers/Src/Light.o
                                       0x4fca (size before relaxing)
 .debug_str     0x0000000000004ec1       0x4a Drivers/Src/Relay.o
                                       0x4fc3 (size before relaxing)
 .debug_str     0x0000000000004f0b      0x2d6 Drivers/Src/STM32F4xx_GPIO_driver.o
                                       0x5219 (size before relaxing)
 .debug_str     0x00000000000051e1       0x73 Drivers/Src/State_machine.o
                                       0x4fec (size before relaxing)
 .debug_str     0x0000000000005254       0x25 Drivers/Src/main.o
                                       0x5009 (size before relaxing)
 .debug_str     0x0000000000005279       0x90 Drivers/Src/myAPI.o
                                       0x50b1 (size before relaxing)
 .debug_str     0x0000000000005309       0x31 Startup/startup_stm32f407vgtx.o
                                         0x57 (size before relaxing)

.comment        0x0000000000000000       0x7b
 .comment       0x0000000000000000       0x7b Drivers/Src/Fuel.o
                                         0x7c (size before relaxing)
 .comment       0x000000000000007b       0x7c Drivers/Src/Gas.o
 .comment       0x000000000000007b       0x7c Drivers/Src/Light.o
 .comment       0x000000000000007b       0x7c Drivers/Src/Relay.o
 .comment       0x000000000000007b       0x7c Drivers/Src/STM32F4xx_GPIO_driver.o
 .comment       0x000000000000007b       0x7c Drivers/Src/State_machine.o
 .comment       0x000000000000007b       0x7c Drivers/Src/main.o
 .comment       0x000000000000007b       0x7c Drivers/Src/myAPI.o

.debug_frame    0x0000000000000000      0x480
 .debug_frame   0x0000000000000000       0x50 Drivers/Src/Fuel.o
 .debug_frame   0x0000000000000050       0x50 Drivers/Src/Gas.o
 .debug_frame   0x00000000000000a0       0x50 Drivers/Src/Light.o
 .debug_frame   0x00000000000000f0       0x50 Drivers/Src/Relay.o
 .debug_frame   0x0000000000000140      0x128 Drivers/Src/STM32F4xx_GPIO_driver.o
 .debug_frame   0x0000000000000268       0x9c Drivers/Src/State_machine.o
 .debug_frame   0x0000000000000304       0x30 Drivers/Src/main.o
 .debug_frame   0x0000000000000334      0x120 Drivers/Src/myAPI.o
 .debug_frame   0x0000000000000454       0x2c c:/st/stm32cubeide_1.5.0/stm32cubeide/plugins/com.st.stm32cube.ide.mcu.externaltools.gnu-tools-for-stm32.7-2018-q2-update.win32_1.5.0.202011040924/tools/bin/../lib/gcc/arm-none-eabi/7.3.1/../../../../arm-none-eabi/lib/thumb/v7e-m/fpv4-sp/hard\libc_nano.a(lib_a-init.o)
